package azg010

import (
	"strings" // want `import alias "s" is not needed, the package name "strings" does not clash`

	"example.com/datadog/2021-03-01" // want `import alias "datadog" is not needed, the package name "v2021_03_01" does not clash`
	"example.com/go-set/v3"          // want `import alias "set" repeats the package name`
	"example.com/iothub"             // want `import alias "iothub" is not needed, the package name "devices" does not clash`
	"example.com/network/validate"   // want `import alias "networkValidate" is not needed, the package name "validate" does not clash`
	"example.com/sdk/azg010"         // want `import alias "sdk" is not needed, the package name "azg010" does not clash`
)

// fields and methods live in their own namespace, so sharing the package name is fine
type widget struct {
	strings []string
}

func (widget) validate() {}

func use() {
	_ = strings.ToUpper("x")
	_ = set.Set{}
	v2021_03_01.NewClient()
	devices.New()
	validate.SubnetID()

	// sharing a name with the file's own package is not a clash
	azg010.New()
}

// a local that only shares the alias's name is left as it is
func other() {
	s := 1
	_ = s
}
