package azg005

type input struct {
	Format *string
}

type output struct {
	Format string
	Names  []string
}

func from(p *string) string {
	if p != nil {
		return *p
	}
	return ""
}

// Should be flagged: the temporary is consumed by the next statement's assignment and used
// nowhere else.
func invalidAssignConsumer(in input, out *output) {
	out.Format = from(in.Format)
}

// Should be flagged: the temporary is returned by the next statement.
func invalidReturnConsumer(in input) string {
	return from(in.Format)
}

// Should be flagged: the pattern inside a case clause.
func invalidInCaseClause(in input, out *output, kind int) {
	switch kind {
	case 1:
		out.Format = from(in.Format)
	}
}

// Should NOT be flagged: the temporary is used twice.
func validUsedTwice(in input, out *output) {
	format := from(in.Format)
	out.Format = format
	out.Names = []string{format}
}

// Should be flagged: the consumer no longer needs to be adjacent, only within max-gap lines.
func invalidNotAdjacent(in input, out *output) {
	out.Names = nil
	out.Format = from(in.Format)
}

// Should NOT be flagged: consumed as a call argument — naming an argument is usually
// intentional documentation.
func validCallArgument(in input) {
	format := from(in.Format)
	use(format)
}

// Should NOT be flagged: the next statement assigns a different value.
func validDifferentValue(in input, out *output) {
	format := from(in.Format)
	out.Format = "fixed"
	use(format)
}

// Should NOT be flagged: multi-value declarations are out of scope.
func validMultiValue(in input, out *output) {
	format, err := fromErr(in.Format)
	_ = err
	out.Format = format
}

// Should NOT be flagged: the consumer's left-hand side contains a call, so inlining would
// reorder it relative to the temporary's initializer.
func validCallOnLhs(in input) {
	format := from(in.Format)
	outputs()[0] = format
}

// Should NOT be flagged: assigning to blank is a discard, not a consumption.
func validBlankConsumer(in input) {
	format := from(in.Format)
	_ = format
}

// Should NOT be flagged: the temporary is also captured by a closure later on.
func validClosureCapture(in input, out *output) {
	format := from(in.Format)
	out.Format = format
	defer func() { use(format) }()
}

// Should NOT be flagged: the return has multiple results.
func validMultiReturn(in input) (string, bool) {
	format := from(in.Format)
	return format, true
}

// Should be flagged: the pattern inside a function literal body.
func invalidInFuncLit(in input, out *output) {
	fn := func() {
		out.Format = from(in.Format)
	}
	fn()
}

func use(string)                      {}
func outputs() []string               { return nil }
func fromErr(*string) (string, error) { return "", nil }

// Should be flagged: the temporary's only use is two statements later, within max-gap.
func invalidLaterConsumer(in input, out *output) {
	out.Names = []string{"a"}
	out.Format = from(in.Format)
}

func mutate(*input) {}

// Should NOT be flagged: an intervening statement overwrites an element the initializer reads
// — inlining would read column[y] after the write.
func validInterveningElementWrite(column []string, y int) string {
	oldKey := column[y]
	column[y] = "overwritten"
	return oldKey
}

// Should NOT be flagged: an intervening statement reassigns an operand of the initializer.
func validInterveningOperandWrite(in input, out *output) {
	format := from(in.Format)
	in = input{}
	out.Format = format
}

// Should NOT be flagged: an intervening statement increments an operand of the initializer.
func validInterveningIncDec(column []string, y int) string {
	oldKey := column[y]
	y++
	return oldKey
}

// Should NOT be flagged: an intervening statement takes an operand's address, which the
// callee may write through.
func validInterveningAddressTaken(in input, out *output) {
	format := from(in.Format)
	mutate(&in)
	out.Format = format
}

// Should NOT be flagged: an intervening declaration shadows an operand, so inlining would
// rebind the name.
func validInterveningShadow(in input, out *output) {
	if out != nil {
		format := from(in.Format)
		in := input{}
		_ = in
		out.Format = format
	}
}

// Should NOT be flagged: an intervening `var` declaration shadows an operand, just as `:=`
// does.
func validInterveningVarShadow(in input, out *output) {
	if out != nil {
		format := from(in.Format)
		var in input
		_ = in
		out.Format = format
	}
}

// Should NOT be flagged: an intervening range statement assigns (rather than declares) an
// operand of the initializer.
func validInterveningRangeAssign(names []string, out *output) {
	var name string
	for _, name = range names {
		_ = name
	}
	first := name
	for _, name = range names {
		_ = name
	}
	out.Format = first
}

// Should NOT be flagged: a write through a slice expression reaches the slice the
// initializer reads.
func validInterveningSliceWrite(column []string, y int, out *output) {
	oldKey := column[y]
	column[y:][0] = "overwritten"
	out.Format = oldKey
}

// Should NOT be flagged: a write through a parenthesised dereference reaches an operand.
func validInterveningParenWrite(p *input, out *output) {
	format := *p.Format
	(*p).Format = nil
	out.Format = format
}

// Should be flagged: a write through a call's result is not a write to any operand.
func invalidInterveningCallResultWrite(get func() *output, in input, out *output) {
	get().Format = "x"
	out.Format = from(in.Format)
}
