package azg006

import (
	"github.com/hashicorp/go-azure-helpers/lang/pointer"
)

type props struct{ V *string }

type resourceData struct{}

func (resourceData) Set(k string, v interface{}) error { return nil }

func flattenThing(p *string) []string {
	if p == nil {
		return []string{}
	}
	return []string{*p}
}

// Should be flagged: consumed by the next statement's call, sibling argument is a literal.
func invalidAdjacentCall(d resourceData, p props) {
	d.Set("apns_credential", flattenThing(p.V))
}

// Should be flagged: consumed by the call in an if statement's init.
func invalidIfInitCall(d resourceData, p props) error {
	if err := d.Set("gcm_credential", flattenThing(p.V)); err != nil {
		return err
	}
	return nil
}

// Should be flagged: the consuming call is a later statement within max-gap.
func invalidLaterCall(d resourceData, p props, other *int) {
	*other = 1
	d.Set("apns_credential", flattenThing(p.V))
}

// Should be flagged: a plain identifier sibling is accepted by default.
func invalidIdentSibling(d resourceData, p props, key string) {
	d.Set(key, flattenThing(p.V))
}

// Should NOT be flagged: a sibling argument is a complex expression, so the name is
// documentation and inlining could reorder evaluation.
func validComplexSibling(d resourceData, p props, keys []string) {
	apns := flattenThing(p.V)
	d.Set(keys[0], apns)
}

// Should NOT be flagged: the initializer spans multiple lines.
func validMultiLineInitializer(d resourceData) {
	list := []string{
		"a",
	}
	d.Set("k", list)
}

// Should NOT be flagged: the variable is used more than once.
func validTwoUses(d resourceData, p props) {
	apns := flattenThing(p.V)
	d.Set("a", apns)
	d.Set("b", apns)
}

// Should be flagged: temporaries inside a closure are checked within that closure.
func invalidInsideClosure(d resourceData, p props) {
	f := func() {
		d.Set("apns_credential", flattenThing(p.V))
	}
	f()
}

func expand(v []string) map[string]interface{} { return nil }

func sink(v interface{}) {}

// Should be flagged: a single-argument call has no siblings to disqualify it.
func invalidSoleArgument(p props) {
	sink(flattenThing(p.V))
}

// Should NOT be flagged: the variable is the function being called, not an argument.
func validCalleePosition(fns map[string]func(string)) {
	f := fns["a"]
	f("k")
}

// Should NOT be flagged: an intervening statement writes to an operand of the initializer,
// so inlining would flatten the overwritten value.
func validInterveningOperandWrite(d resourceData, p props) {
	apns := flattenThing(p.V)
	p.V = nil
	d.Set("apns_credential", apns)
}

type tree struct{ lines int }

func rewrite(t *tree) *tree {
	t.lines++
	return t
}

// Should NOT be flagged: the initializer's call may mutate *t, and the intervening statement
// observes t — inlining would move the mutation past the read.
func validSideEffectObserved(d resourceData, t *tree) {
	result := rewrite(t)
	d.Set("line_count", t.lines)
	sink(result)
}

// Should NOT be flagged: an intervening call may write through t, which the initializer read.
func validInterveningCallMutation(d resourceData, t *tree) {
	count := t.lines
	rewrite(t)
	d.Set("line_count", count)
}

// Should be flagged: the intervening statement touches nothing the initializer's call can
// reach — a value-typed operand cannot be mutated by the callee.
func invalidValueOperandUntouched(d resourceData, p props, other int) {
	sink(other)
	d.Set("apns_credential", flattenThing(p.V))
}

// Should be flagged: pointer.From is pure, so an intervening plain read of p cannot observe
// anything the initializer's call did.
func invalidPureHelperOperand(d resourceData, p props) {
	_ = p.V
	d.Set("name", pointer.From(p.V))
}
